// Jest Snapshot v1, https://goo.gl/fbAQLP

exports[`App renders correctly 1`] = `
ShallowWrapper {
  "length": 1,
  Symbol(enzyme.__root__): [Circular],
  Symbol(enzyme.__unrendered__): <App />,
  Symbol(enzyme.__renderer__): Object {
    "batchedUpdates": [Function],
    "getNode": [Function],
    "render": [Function],
    "simulateEvent": [Function],
    "unmount": [Function],
  },
  Symbol(enzyme.__node__): Object {
    "instance": null,
    "key": undefined,
    "nodeType": "host",
    "props": Object {
      "children": Array [
        <h1>
          Happy Holidays 游꾻
</h1>,
        <h3>
          Build Your Gift List 游꾸
</h3>,
        <div
          className="gift-list"
>
          
</div>,
        <Button
          active={false}
          block={false}
          bsClass="btn"
          bsStyle="default"
          className="btn-add"
          disabled={false}
          onClick={[Function]}
>
          Add Gift
</Button>,
      ],
      "className": "app-background",
    },
    "ref": null,
    "rendered": Array [
      Object {
        "instance": null,
        "key": undefined,
        "nodeType": "host",
        "props": Object {
          "children": "Happy Holidays 游꾻",
        },
        "ref": null,
        "rendered": "Happy Holidays 游꾻",
        "type": "h1",
      },
      Object {
        "instance": null,
        "key": undefined,
        "nodeType": "host",
        "props": Object {
          "children": "Build Your Gift List 游꾸",
        },
        "ref": null,
        "rendered": "Build Your Gift List 游꾸",
        "type": "h3",
      },
      Object {
        "instance": null,
        "key": undefined,
        "nodeType": "host",
        "props": Object {
          "children": Array [],
          "className": "gift-list",
        },
        "ref": null,
        "rendered": Array [],
        "type": "div",
      },
      Object {
        "instance": null,
        "key": undefined,
        "nodeType": "class",
        "props": Object {
          "active": false,
          "block": false,
          "bsClass": "btn",
          "bsStyle": "default",
          "children": "Add Gift",
          "className": "btn-add",
          "disabled": false,
          "onClick": [Function],
        },
        "ref": null,
        "rendered": "Add Gift",
        "type": [Function],
      },
    ],
    "type": "div",
  },
  Symbol(enzyme.__nodes__): Array [
    Object {
      "instance": null,
      "key": undefined,
      "nodeType": "host",
      "props": Object {
        "children": Array [
          <h1>
            Happy Holidays 游꾻
</h1>,
          <h3>
            Build Your Gift List 游꾸
</h3>,
          <div
            className="gift-list"
>
            
</div>,
          <Button
            active={false}
            block={false}
            bsClass="btn"
            bsStyle="default"
            className="btn-add"
            disabled={false}
            onClick={[Function]}
>
            Add Gift
</Button>,
        ],
        "className": "app-background",
      },
      "ref": null,
      "rendered": Array [
        Object {
          "instance": null,
          "key": undefined,
          "nodeType": "host",
          "props": Object {
            "children": "Happy Holidays 游꾻",
          },
          "ref": null,
          "rendered": "Happy Holidays 游꾻",
          "type": "h1",
        },
        Object {
          "instance": null,
          "key": undefined,
          "nodeType": "host",
          "props": Object {
            "children": "Build Your Gift List 游꾸",
          },
          "ref": null,
          "rendered": "Build Your Gift List 游꾸",
          "type": "h3",
        },
        Object {
          "instance": null,
          "key": undefined,
          "nodeType": "host",
          "props": Object {
            "children": Array [],
            "className": "gift-list",
          },
          "ref": null,
          "rendered": Array [],
          "type": "div",
        },
        Object {
          "instance": null,
          "key": undefined,
          "nodeType": "class",
          "props": Object {
            "active": false,
            "block": false,
            "bsClass": "btn",
            "bsStyle": "default",
            "children": "Add Gift",
            "className": "btn-add",
            "disabled": false,
            "onClick": [Function],
          },
          "ref": null,
          "rendered": "Add Gift",
          "type": [Function],
        },
      ],
      "type": "div",
    },
  ],
  Symbol(enzyme.__options__): Object {
    "adapter": ReactSixteenAdapter {
      "options": Object {
        "enableComponentDidUpdateOnSetState": true,
      },
    },
    "disableLifecycleMethods": true,
  },
}
`;
